Traceback (most recent call last):
  File "/Library/Frameworks/Python.framework/Versions/3.14/lib/python3.14/site-packages/jupyter_cache/executors/utils.py", line 58, in single_nb_execution
    executenb(
    ~~~~~~~~~^
        nb,
        ^^^
    ...<4 lines>...
        **kwargs,
        ^^^^^^^^^
    )
    ^
  File "/Library/Frameworks/Python.framework/Versions/3.14/lib/python3.14/site-packages/nbclient/client.py", line 1323, in execute
    return NotebookClient(nb=nb, resources=resources, km=km, **kwargs).execute()
           ~~~~~~~~~~~~~~~~~~~~~~~~~~~~~~~~~~~~~~~~~~~~~~~~~~~~~~~~~~~~~~~~~~~^^
  File "/Library/Frameworks/Python.framework/Versions/3.14/lib/python3.14/site-packages/jupyter_core/utils/__init__.py", line 165, in wrapped
    return loop.run_until_complete(inner)
           ~~~~~~~~~~~~~~~~~~~~~~~^^^^^^^
  File "/Library/Frameworks/Python.framework/Versions/3.14/lib/python3.14/asyncio/base_events.py", line 719, in run_until_complete
    return future.result()
           ~~~~~~~~~~~~~^^
  File "/Library/Frameworks/Python.framework/Versions/3.14/lib/python3.14/site-packages/nbclient/client.py", line 709, in async_execute
    await self.async_execute_cell(
        cell, index, execution_count=self.code_cells_executed + 1
    )
  File "/Library/Frameworks/Python.framework/Versions/3.14/lib/python3.14/site-packages/nbclient/client.py", line 1062, in async_execute_cell
    await self._check_raise_for_error(cell, cell_index, exec_reply)
  File "/Library/Frameworks/Python.framework/Versions/3.14/lib/python3.14/site-packages/nbclient/client.py", line 918, in _check_raise_for_error
    raise CellExecutionError.from_cell_and_msg(cell, exec_reply_content)
nbclient.exceptions.CellExecutionError: An error occurred while executing the following cell:
------------------
maxhs = [2 ** (-i) for i in range(1,5)]
catenoid_result = compute_lifted_curvature_convergence(
    make_catenoid(),
    order=order,
    canonical_interp = True,
    maxhs=maxhs,
    draw_last = True,
)
print_result(catenoid_result)

------------------

----- stdout -----
Catenoid: maxh=0.5000
------------------

[31m---------------------------------------------------------------------------[39m
[31mNgException[39m                               Traceback (most recent call last)
[36mCell[39m[36m [39m[32mIn[9][39m[32m, line 2[39m
[32m      1[39m maxhs = [[32m2[39m ** (-i) [38;5;28;01mfor[39;00m i [38;5;28;01min[39;00m range([32m1[39m,[32m5[39m)]
[32m----> [39m[32m2[39m catenoid_result = compute_lifted_curvature_convergence(
[32m      3[39m     make_catenoid(),
[32m      4[39m     order=order,
[32m      5[39m     canonical_interp = [38;5;28;01mTrue[39;00m,

[36mCell[39m[36m [39m[32mIn[2][39m[32m, line 152[39m, in [36mcompute_lifted_curvature_convergence[39m[34m(example, order, canonical_interp, maxhs, draw_last)[39m
[32m    148[39m                 dual=canonical_interp,
[32m    149[39m             )
[32m    150[39m 
[32m    151[39m             mesh.SetDeformation(gf_Phi)
[32m--> [39m[32m152[39m             K_lifted = compute_lifted_shape_operator(
[32m    153[39m                 mesh=mesh,
[32m    154[39m                 order=order,
[32m    155[39m                 dirichlet=example[[33m"boundaries"[39m][[32m0[39m],

[36mCell[39m[36m [39m[32mIn[2][39m[32m, line 21[39m, in [36mcompute_lifted_shape_operator[39m[34m(mesh, order, dirichlet, K_ex, neumann, nv_ex)[39m
[32m     17[39m     ind_neumann = GridFunction(FacetSurface(mesh, order=[32m0[39m))
[32m     18[39m     ind_neumann.Set([32m1[39m, definedon=mesh.BBoundaries(neumann))
[32m     19[39m 
[32m     20[39m     gf_average_nv = GridFunction(VectorFacetSurface(mesh, order=order - [32m1[39m))
[32m---> [39m[32m21[39m     gf_average_nv.Set(n, dual=[38;5;28;01mTrue[39;00m, definedon=mesh.Boundaries([33m".*"[39m))
[32m     22[39m     cf_average_nv = Normalize(gf_average_nv)
[32m     23[39m 
[32m     24[39m     fes = Periodic(HDivDivSurface(mesh, order=order - [32m1[39m, dirichlet_bbnd=dirichlet))

[31mNgException[39m: Inverse matrix: Matrix singular

